// Jest Snapshot v1, https://goo.gl/fbAQLP

exports[`HierarchyBuilder createHierarchy with data returns correct hierarchy 1`] = `
Array [
  Object {
    "children": Array [
      Object {
        "label": PropertyRecord {
          "property": Object {
            "displayLabel": "Label",
            "name": "node_label",
            "typename": "string",
          },
          "value": Object {
            "displayValue": "Child 1",
            "value": "Child 1",
            "valueFormat": 0,
          },
        },
      },
      Object {
        "label": PropertyRecord {
          "property": Object {
            "displayLabel": "Label",
            "name": "node_label",
            "typename": "string",
          },
          "value": Object {
            "displayValue": "Child 2",
            "value": "Child 2",
            "valueFormat": 0,
          },
        },
      },
    ],
    "hasChildren": true,
    "label": PropertyRecord {
      "property": Object {
        "displayLabel": "Label",
        "name": "node_label",
        "typename": "string",
      },
      "value": Object {
        "displayValue": "Root Node",
        "value": "Root Node",
        "valueFormat": 0,
      },
    },
  },
]
`;

exports[`HierarchyBuilder createHierarchy with data returns correct hierarchy with custom node mapping function 1`] = `
Array [
  Object {
    "children": Array [
      Object {
        "id": "child1/root",
      },
      Object {
        "id": "child2/root",
      },
    ],
    "id": "root",
  },
]
`;
