// Jest Snapshot v1, https://goo.gl/fbAQLP

exports[`TableDataProvider getColumns returns one column descriptor when display type is list 1`] = `
Array [
  Object {
    "editable": false,
    "filterable": false,
    "key": "/DisplayLabel/",
    "label": "general.display-label",
    "sortable": true,
  },
]
`;

exports[`TableDataProvider getColumns returns valid column descriptions 1`] = `
Array [
  Object {
    "editable": true,
    "filterable": false,
    "key": "Engineer",
    "label": "monitor",
    "sortable": true,
  },
  Object {
    "editable": false,
    "filterable": false,
    "key": "Home Loan Account",
    "label": "Refined rich",
    "sortable": true,
  },
  Object {
    "editable": true,
    "filterable": false,
    "key": "executive",
    "label": "Director Chicken",
    "sortable": true,
  },
]
`;

exports[`TableDataProvider getRow returns valid row item 1`] = `
Object {
  "cells": Array [
    Object {
      "key": "Home Loan Account",
      "record": PropertyRecord {
        "description": "Books XSS Fresh",
        "property": Object {
          "displayLabel": "Steel",
          "name": "Home Loan Account",
          "typename": "varchar",
        },
        "value": Object {
          "displayValue": "Books XSS Fresh",
          "value": "Automotive",
          "valueFormat": 0,
        },
      },
    },
    Object {
      "key": "Legacy",
      "record": PropertyRecord {
        "description": "synthesizing pixel Avon",
        "property": Object {
          "displayLabel": "Indian Rupee International",
          "editor": Object {
            "name": "Tools",
            "params": Array [],
          },
          "name": "Legacy",
          "typename": "datetime",
        },
        "value": Object {
          "displayValue": "synthesizing pixel Avon",
          "value": "Metrics",
          "valueFormat": 0,
        },
      },
    },
    Object {
      "key": "Credit Card Account",
      "record": PropertyRecord {
        "description": "back up",
        "isReadonly": true,
        "property": Object {
          "displayLabel": "Awesome Wooden Salad regional payment",
          "name": "Credit Card Account",
          "typename": "binary",
        },
        "value": Object {
          "displayValue": "back up",
          "value": "Concrete",
          "valueFormat": 0,
        },
      },
    },
  ],
  "key": "{\\"className\\":\\"full-range\\",\\"id\\":\\"0x163900000001e5c\\"}",
}
`;

exports[`TableDataProvider getRow returns valid row when display type is list 1`] = `
Object {
  "cells": Array [
    Object {
      "key": "/DisplayLabel/",
      "record": PropertyRecord {
        "property": Object {
          "displayLabel": "Label",
          "name": "content_item_label",
          "typename": "string",
        },
        "value": Object {
          "displayValue": "workforce Frozen",
          "value": "workforce Frozen",
          "valueFormat": 0,
        },
      },
    },
  ],
  "key": "{\\"className\\":\\"Home Loan Account\\",\\"id\\":\\"0xe2ed00000039f5\\"}",
}
`;
