// Jest Snapshot v1, https://goo.gl/fbAQLP

exports[`TableDataProvider getColumns returns valid column descriptions 1`] = `Array []`;

exports[`TableDataProvider getRow returns valid row item 1`] = `
Object {
  "cells": Array [],
  "key": "{\\"className\\":\\"TestSchema:TestClass\\",\\"id\\":\\"0x1\\"}",
}
`;

exports[`TableDataProvider getRow returns valid row when display type is list 1`] = `
Object {
  "cells": Array [
    Object {
      "key": "/DisplayLabel/",
      "record": PropertyRecord {
        "property": Object {
          "displayLabel": "Label",
          "name": "content_item_label",
          "typename": "string",
        },
        "value": Object {
          "displayValue": "hierarchy",
          "value": "hierarchy",
          "valueFormat": 0,
        },
      },
    },
  ],
  "key": "{\\"className\\":\\"TestSchema:TestClass\\",\\"id\\":\\"0x1\\"}",
}
`;
