// Jest Snapshot v1, https://goo.gl/fbAQLP

exports[`PropertyGrid withUnifiedSelection renders correctly when data provider keys count exceeds limit 1`] = `
<div
  className="pcomponents-property-grid-with-unified-selection"
>
  <span />
</div>
`;

exports[`PropertyGrid withUnifiedSelection renders correctly with no data 1`] = `
<div
  className="pcomponents-property-grid-with-unified-selection"
>
  <PropertyGrid
    dataProvider={null}
    orientation={0}
  />
</div>
`;
