// Jest Snapshot v1, https://goo.gl/fbAQLP

exports[`TreeDataProvider creates error node when requesting root nodes with invalid paging 1`] = `
Object {
  "children": undefined,
  "id": "/info-node/Èrrór ¢rëätíñg thë hìérärçhý lévêl",
  "isSelectionDisabled": true,
  "label": PropertyRecord {
    "property": Object {
      "displayLabel": "String Value",
      "name": "string_value",
      "typename": "string",
    },
    "value": Object {
      "displayValue": "Èrrór ¢rëätíñg thë hìérärçhý lévêl",
      "value": "Èrrór ¢rëätíñg thë hìérärçhý lévêl",
      "valueFormat": 0,
    },
  },
  "message": "Èrrór ¢rëätíñg thë hìérärçhý lévêl",
}
`;

exports[`TreeDataProvider returns child nodes 1`] = `
Array [
  Object {
    "description": "child description",
    "filtering": Object {
      "descriptor": [Function],
    },
    "icon": "child image id",
    "id": "45a35284023f06495cb8802368089dd5/d40a267dc8ff557a9c69ad79d652e39f",
    "key": Object {
      "pathFromRoot": Array [
        "d40a267dc8ff557a9c69ad79d652e39f",
        "45a35284023f06495cb8802368089dd5",
      ],
      "type": "child",
      "version": 2,
    },
    "label": PropertyRecord {
      "property": Object {
        "displayLabel": "Label",
        "name": "node_label",
        "typename": "string",
      },
      "value": Object {
        "displayValue": "child label",
        "value": "child label",
        "valueFormat": 0,
      },
    },
    "parentId": "d40a267dc8ff557a9c69ad79d652e39f",
  },
]
`;

exports[`TreeDataProvider returns child nodes with paging 1`] = `
Array [
  Object {
    "description": "child description",
    "filtering": Object {
      "descriptor": [Function],
    },
    "icon": "child image id",
    "id": "45a35284023f06495cb8802368089dd5/d40a267dc8ff557a9c69ad79d652e39f",
    "key": Object {
      "pathFromRoot": Array [
        "d40a267dc8ff557a9c69ad79d652e39f",
        "45a35284023f06495cb8802368089dd5",
      ],
      "type": "child",
      "version": 2,
    },
    "label": PropertyRecord {
      "property": Object {
        "displayLabel": "Label",
        "name": "node_label",
        "typename": "string",
      },
      "value": Object {
        "displayValue": "child label",
        "value": "child label",
        "valueFormat": 0,
      },
    },
    "parentId": "d40a267dc8ff557a9c69ad79d652e39f",
  },
]
`;

exports[`TreeDataProvider returns error node when requesting child nodes with invalid paging 1`] = `
Object {
  "children": undefined,
  "id": "d40a267dc8ff557a9c69ad79d652e39f/info-node",
  "isSelectionDisabled": true,
  "label": PropertyRecord {
    "property": Object {
      "displayLabel": "String Value",
      "name": "string_value",
      "typename": "string",
    },
    "value": Object {
      "displayValue": "Èrrór ¢rëätíñg thë hìérärçhý lévêl",
      "value": "Èrrór ¢rëätíñg thë hìérärçhý lévêl",
      "valueFormat": 0,
    },
  },
  "message": "Èrrór ¢rëätíñg thë hìérärçhý lévêl",
}
`;

exports[`TreeDataProvider returns root nodes 1`] = `
Array [
  Object {
    "checkBoxState": 1,
    "description": "root description",
    "filtering": Object {
      "descriptor": [Function],
    },
    "hasChildren": true,
    "icon": "root image id",
    "id": "d40a267dc8ff557a9c69ad79d652e39f",
    "isCheckboxDisabled": true,
    "isCheckboxVisible": true,
    "key": Object {
      "pathFromRoot": Array [
        "d40a267dc8ff557a9c69ad79d652e39f",
      ],
      "type": "root",
      "version": 2,
    },
    "label": PropertyRecord {
      "property": Object {
        "displayLabel": "Label",
        "name": "node_label",
        "typename": "string",
      },
      "value": Object {
        "displayValue": "root label",
        "value": "root label",
        "valueFormat": 0,
      },
    },
    "style": Object {
      "colorOverrides": Object {
        "backgroundColor": 32768,
        "color": 16711680,
      },
      "isBold": true,
      "isItalic": true,
    },
  },
]
`;

exports[`TreeDataProvider returns root nodes with paging 1`] = `
Array [
  Object {
    "checkBoxState": 1,
    "description": "root description",
    "filtering": Object {
      "descriptor": [Function],
    },
    "hasChildren": true,
    "icon": "root image id",
    "id": "d40a267dc8ff557a9c69ad79d652e39f",
    "isCheckboxDisabled": true,
    "isCheckboxVisible": true,
    "key": Object {
      "pathFromRoot": Array [
        "d40a267dc8ff557a9c69ad79d652e39f",
      ],
      "type": "root",
      "version": 2,
    },
    "label": PropertyRecord {
      "property": Object {
        "displayLabel": "Label",
        "name": "node_label",
        "typename": "string",
      },
      "value": Object {
        "displayValue": "root label",
        "value": "root label",
        "valueFormat": 0,
      },
    },
    "style": Object {
      "colorOverrides": Object {
        "backgroundColor": 32768,
        "color": 16711680,
      },
      "isBold": true,
      "isItalic": true,
    },
  },
]
`;
