// Jest Snapshot v1, https://goo.gl/fbAQLP

exports[`Viewport withUnifiedSelection renders correctly 1`] = `
<ViewportComponent
  imodel={null}
  viewDefinitionId={"0x1719b000000f6be"}
/>
`;
