// Jest Snapshot v1, https://goo.gl/fbAQLP

exports[`Tree withUnifiedSelection renders correctly 1`] = `
<DataTree
  dataProvider={null}
  onNodesDeselected={[Function]}
  onNodesSelected={[Function]}
  selectedNodes={[Function]}
/>
`;
