// Jest Snapshot v1, https://goo.gl/fbAQLP

exports[`TreeDataProvider getFilteredNodes returns presentation manager result 1`] = `
Array [
  Object {
    "children": Array [],
    "filteringData": undefined,
    "index": 0,
    "isMarked": undefined,
    "node": Object {
      "description": "testDescription",
      "hasChildren": false,
      "isEditable": false,
      "isExpanded": false,
      "isSelectionDisabled": false,
      "key": Object {
        "instanceKeys": Array [
          Object {
            "className": "TestSchema:TestClass",
            "id": "0x1",
          },
          Object {
            "className": "TestSchema:TestClass",
            "id": "0x1",
          },
        ],
        "pathFromRoot": Array [
          "parentHash",
          "childHash",
        ],
        "type": "ECInstancesNode",
        "version": 2,
      },
      "label": Object {
        "displayValue": "test label",
        "rawValue": "test_label",
        "typeName": "string",
      },
      "supportsFiltering": undefined,
    },
  },
  Object {
    "children": Array [],
    "filteringData": undefined,
    "index": 0,
    "isMarked": undefined,
    "node": Object {
      "description": "testDescription",
      "hasChildren": false,
      "isEditable": false,
      "isExpanded": false,
      "isSelectionDisabled": false,
      "key": Object {
        "instanceKeys": Array [
          Object {
            "className": "TestSchema:TestClass",
            "id": "0x1",
          },
          Object {
            "className": "TestSchema:TestClass",
            "id": "0x1",
          },
        ],
        "pathFromRoot": Array [
          "parentHash",
          "childHash",
        ],
        "type": "ECInstancesNode",
        "version": 2,
      },
      "label": Object {
        "displayValue": "test label",
        "rawValue": "test_label",
        "typeName": "string",
      },
      "supportsFiltering": undefined,
    },
  },
]
`;

exports[`TreeDataProvider getNodes returns presentation manager result 1`] = `
Array [
  Object {
    "description": "testDescription",
    "id": "childHash/parentHash",
    "key": Object {
      "instanceKeys": Array [
        Object {
          "className": "TestSchema:TestClass",
          "id": "0x1",
        },
        Object {
          "className": "TestSchema:TestClass",
          "id": "0x1",
        },
      ],
      "pathFromRoot": Array [
        "parentHash",
        "childHash",
      ],
      "type": "ECInstancesNode",
      "version": 2,
    },
    "label": PropertyRecord {
      "property": Object {
        "displayLabel": "Label",
        "name": "node_label",
        "typename": "string",
      },
      "value": Object {
        "displayValue": "test label",
        "value": "test_label",
        "valueFormat": 0,
      },
    },
    "parentId": "node_id",
  },
  Object {
    "description": "testDescription",
    "id": "childHash/parentHash",
    "key": Object {
      "instanceKeys": Array [
        Object {
          "className": "TestSchema:TestClass",
          "id": "0x1",
        },
        Object {
          "className": "TestSchema:TestClass",
          "id": "0x1",
        },
      ],
      "pathFromRoot": Array [
        "parentHash",
        "childHash",
      ],
      "type": "ECInstancesNode",
      "version": 2,
    },
    "label": PropertyRecord {
      "property": Object {
        "displayLabel": "Label",
        "name": "node_label",
        "typename": "string",
      },
      "value": Object {
        "displayValue": "test label",
        "value": "test_label",
        "valueFormat": 0,
      },
    },
    "parentId": "node_id",
  },
]
`;
