// Jest Snapshot v1, https://goo.gl/fbAQLP

exports[`FilteredTreeDataProvider getNodes returns child nodes 1`] = `
Array [
  Object {
    "__presentation-components/key": Object {
      "instanceKey": Object {
        "className": "Auto Loan Account",
        "id": "0xb1d8000000de35",
      },
      "pathFromRoot": Array [
        "66dcb686-2502-41e0-a1c3-9b08a0214f59",
        "43142b23-f95f-40db-b473-9fde2c0a107d",
      ],
      "type": "ECInstanceNode",
    },
    "description": "Doloribus aut culpa ratione vel molestias omnis.",
    "icon": "reboot",
    "id": "43142b23-f95f-40db-b473-9fde2c0a107d/66dcb686-2502-41e0-a1c3-9b08a0214f59",
    "label": "A-2-1",
    "labelDefinition": PropertyRecord {
      "property": Object {
        "displayLabel": "Label",
        "name": "node_label",
        "typename": "string",
      },
      "value": Object {
        "displayValue": "Realigned",
        "value": "bluetooth",
        "valueFormat": 0,
      },
    },
    "parentId": "680c80a2-8cf0-49ee-8272-ec6682ae559c/e412801a-e3e4-4479-8999-2f94b3186fb7",
    "style": Object {
      "colorOverrides": Object {
        "backgroundColor": 1126240511,
      },
    },
  },
  Object {
    "__presentation-components/key": Object {
      "instanceKey": Object {
        "className": "Village",
        "id": "0x143170000017783",
      },
      "pathFromRoot": Array [
        "23ea98de-9451-4bb8-8be2-ea063b9cf6fe",
        "83e0ae64-7290-487e-8e56-9f025212b800",
      ],
      "type": "ECInstanceNode",
    },
    "autoExpand": true,
    "checkBoxState": 1,
    "description": "Rem quia odit.",
    "hasChildren": true,
    "icon": "Avon",
    "id": "83e0ae64-7290-487e-8e56-9f025212b800/23ea98de-9451-4bb8-8be2-ea063b9cf6fe",
    "isCheckboxVisible": true,
    "label": "A-2-2",
    "labelDefinition": PropertyRecord {
      "property": Object {
        "displayLabel": "Label",
        "name": "node_label",
        "typename": "string",
      },
      "value": Object {
        "displayValue": "end-to-end",
        "value": "Licensed",
        "valueFormat": 0,
      },
    },
    "parentId": "680c80a2-8cf0-49ee-8272-ec6682ae559c/e412801a-e3e4-4479-8999-2f94b3186fb7",
  },
]
`;

exports[`FilteredTreeDataProvider getNodes returns root nodes 1`] = `
Array [
  Object {
    "__presentation-components/key": Object {
      "instanceKey": Object {
        "className": "Congo",
        "id": "0x71220000010e43",
      },
      "pathFromRoot": Array [
        "024f2316-265a-46e8-965a-837e308ae678",
        "62f3ccbf-c51b-48ed-ad1d-0420ea196af6",
      ],
      "type": "ECInstanceNode",
    },
    "autoExpand": true,
    "description": "Nobis repellendus fugiat velit.",
    "hasChildren": true,
    "icon": "Shoes",
    "id": "62f3ccbf-c51b-48ed-ad1d-0420ea196af6/024f2316-265a-46e8-965a-837e308ae678",
    "isCheckboxDisabled": true,
    "isCheckboxVisible": true,
    "label": "A-1",
    "labelDefinition": PropertyRecord {
      "property": Object {
        "displayLabel": "Label",
        "name": "node_label",
        "typename": "string",
      },
      "value": Object {
        "displayValue": "methodologies",
        "value": "capacitor",
        "valueFormat": 0,
      },
    },
  },
  Object {
    "__presentation-components/key": Object {
      "instanceKey": Object {
        "className": "payment",
        "id": "0x1590a0000003157",
      },
      "pathFromRoot": Array [
        "e412801a-e3e4-4479-8999-2f94b3186fb7",
        "680c80a2-8cf0-49ee-8272-ec6682ae559c",
      ],
      "type": "ECInstanceNode",
    },
    "autoExpand": true,
    "hasChildren": true,
    "id": "680c80a2-8cf0-49ee-8272-ec6682ae559c/e412801a-e3e4-4479-8999-2f94b3186fb7",
    "isCheckboxVisible": true,
    "label": "A-2",
    "labelDefinition": PropertyRecord {
      "property": Object {
        "displayLabel": "Label",
        "name": "node_label",
        "typename": "string",
      },
      "value": Object {
        "displayValue": "Union",
        "value": "Gorgeous",
        "valueFormat": 0,
      },
    },
  },
]
`;
