// Jest Snapshot v1, https://goo.gl/fbAQLP

exports[`Utils createTreeNodeItem creates tree node 1`] = `
Object {
  "__presentation-components/key": Object {
    "instanceKey": Object {
      "className": "Fantastic Rubber Towels",
      "id": "0x44780000014325",
    },
    "pathFromRoot": Array [
      "2a046127-f623-4128-9848-8bc1c9d119fb",
      "96ab449d-f282-409d-8ff6-91955c55e9e3",
    ],
    "type": "ECInstanceNode",
  },
  "autoExpand": true,
  "icon": "AGP",
  "id": "96ab449d-f282-409d-8ff6-91955c55e9e3/2a046127-f623-4128-9848-8bc1c9d119fb",
  "isCheckboxDisabled": true,
  "isCheckboxVisible": true,
  "label": PropertyRecord {
    "property": Object {
      "displayLabel": "Label",
      "name": "node_label",
      "typename": "string",
    },
    "value": Object {
      "displayValue": "Indian Rupee Ngultrum",
      "value": "back up",
      "valueFormat": 0,
    },
  },
  "style": Object {
    "colorOverrides": Object {
      "backgroundColor": -920212993,
      "color": 1737639167,
    },
  },
}
`;

exports[`Utils createTreeNodeItem creates tree node with custom label styles 1`] = `
Object {
  "__presentation-components/key": Object {
    "instanceKey": Object {
      "className": "Missouri",
      "id": "0x1ab100000013b4",
    },
    "pathFromRoot": Array [
      "dc48ca2b-1044-4800-bce7-a4f6d779f7dd",
      "0ef0a772-c3d3-403a-80a8-4a6a8c62fda6",
    ],
    "type": "ECInstanceNode",
  },
  "checkBoxState": 1,
  "hasChildren": true,
  "icon": "ADP",
  "id": "0ef0a772-c3d3-403a-80a8-4a6a8c62fda6/dc48ca2b-1044-4800-bce7-a4f6d779f7dd",
  "isCheckboxDisabled": true,
  "isCheckboxVisible": true,
  "label": PropertyRecord {
    "property": Object {
      "displayLabel": "Label",
      "name": "node_label",
      "typename": "string",
    },
    "value": Object {
      "displayValue": "Mews",
      "value": "regional",
      "valueFormat": 0,
    },
  },
  "style": Object {
    "colorOverrides": Object {
      "backgroundColor": 461301503,
      "color": 1658093567,
    },
    "isBold": true,
    "isItalic": true,
  },
}
`;

exports[`Utils createTreeNodeItem creates tree node with parent id 1`] = `
Object {
  "__presentation-components/key": Object {
    "instanceKey": Object {
      "className": "Shoes",
      "id": "0x1091d0000016b29",
    },
    "pathFromRoot": Array [
      "559da389-bc4e-4ef0-a5d0-cb8b62e60b80",
      "175c270d-a1a3-4ba3-94ef-8866c2a100d7",
    ],
    "type": "ECInstanceNode",
  },
  "description": "Omnis quam est minima voluptas et velit aperiam.",
  "hasChildren": true,
  "icon": "Automotive",
  "id": "175c270d-a1a3-4ba3-94ef-8866c2a100d7/559da389-bc4e-4ef0-a5d0-cb8b62e60b80",
  "label": PropertyRecord {
    "property": Object {
      "displayLabel": "Label",
      "name": "node_label",
      "typename": "string",
    },
    "value": Object {
      "displayValue": "JBOD",
      "value": "South Dakota",
      "valueFormat": 0,
    },
  },
  "parentId": "deposit",
}
`;

exports[`Utils createTreeNodeItem creates tree node without labelDefinition 1`] = `
Object {
  "__presentation-components/key": Object {
    "instanceKey": Object {
      "className": "value-added",
      "id": "0xdb590000003706",
    },
    "pathFromRoot": Array [
      "c7ea16a7-b57b-4973-b341-ed11dd8506c2",
      "9d2bd13d-baba-48d5-a16f-11a6bebd4508",
    ],
    "type": "ECInstanceNode",
  },
  "description": "Commodi quae explicabo hic aut quod rem odit odio saepe.",
  "icon": "Direct",
  "id": "9d2bd13d-baba-48d5-a16f-11a6bebd4508/c7ea16a7-b57b-4973-b341-ed11dd8506c2",
  "label": "calculate",
}
`;

exports[`Utils createTreeNodeItems creates tree nodes 1`] = `
Array [
  Object {
    "__presentation-components/key": Object {
      "instanceKey": Object {
        "className": "e-tailers",
        "id": "0x17b9c000000d4fc",
      },
      "pathFromRoot": Array [
        "61ac32e0-9daf-4f7d-a66e-d5ccf6b5e845",
        "ce78d049-0790-4e52-8185-2841f2ddecb9",
      ],
      "type": "ECInstanceNode",
    },
    "autoExpand": true,
    "description": "Beatae necessitatibus eum ab harum.",
    "hasChildren": true,
    "icon": "Automotive",
    "id": "ce78d049-0790-4e52-8185-2841f2ddecb9/61ac32e0-9daf-4f7d-a66e-d5ccf6b5e845",
    "isCheckboxDisabled": true,
    "isCheckboxVisible": true,
    "label": PropertyRecord {
      "property": Object {
        "displayLabel": "Label",
        "name": "node_label",
        "typename": "string",
      },
      "value": Object {
        "displayValue": "systematic",
        "value": "wireless",
        "valueFormat": 0,
      },
    },
    "style": Object {
      "colorOverrides": Object {
        "backgroundColor": -2024888833,
      },
    },
  },
  Object {
    "__presentation-components/key": Object {
      "instanceKey": Object {
        "className": "invoice",
        "id": "0x159ee000000b364",
      },
      "pathFromRoot": Array [
        "62600815-3750-4f3d-aeab-b1421892b75e",
        "f471908f-cd9c-4af2-9d63-3b21a81337a8",
      ],
      "type": "ECInstanceNode",
    },
    "hasChildren": true,
    "id": "f471908f-cd9c-4af2-9d63-3b21a81337a8/62600815-3750-4f3d-aeab-b1421892b75e",
    "label": PropertyRecord {
      "property": Object {
        "displayLabel": "Label",
        "name": "node_label",
        "typename": "string",
      },
      "value": Object {
        "displayValue": "Assurance",
        "value": "Hong Kong Dollar",
        "valueFormat": 0,
      },
    },
    "style": Object {
      "colorOverrides": Object {
        "backgroundColor": -2105862145,
        "color": 1250650111,
      },
    },
  },
]
`;

exports[`Utils createTreeNodeItems creates tree nodes with parentId 1`] = `
Array [
  Object {
    "__presentation-components/key": Object {
      "instanceKey": Object {
        "className": "Granite",
        "id": "0x9ece000000928e",
      },
      "pathFromRoot": Array [
        "a72a9ca8-debb-43f2-90e0-38b00330fde0",
        "7d2ec992-c8d5-4f77-a6e2-d57cff276d24",
      ],
      "type": "ECInstanceNode",
    },
    "checkBoxState": 1,
    "id": "7d2ec992-c8d5-4f77-a6e2-d57cff276d24/a72a9ca8-debb-43f2-90e0-38b00330fde0",
    "isCheckboxVisible": true,
    "label": PropertyRecord {
      "property": Object {
        "displayLabel": "Label",
        "name": "node_label",
        "typename": "string",
      },
      "value": Object {
        "displayValue": "Harbors",
        "value": "eyeballs",
        "valueFormat": 0,
      },
    },
    "parentId": "one-to-one",
    "style": Object {
      "colorOverrides": Object {
        "backgroundColor": 479940351,
        "color": 615703295,
      },
    },
  },
  Object {
    "__presentation-components/key": Object {
      "instanceKey": Object {
        "className": "exuding",
        "id": "0x17679000001797b",
      },
      "pathFromRoot": Array [
        "29db17a7-2702-4f3a-b980-5abe6ed9fcd7",
        "bda1c500-d4d5-4d63-809e-4f2bdad7ba2e",
      ],
      "type": "ECInstanceNode",
    },
    "autoExpand": true,
    "checkBoxState": 1,
    "hasChildren": true,
    "icon": "methodologies",
    "id": "bda1c500-d4d5-4d63-809e-4f2bdad7ba2e/29db17a7-2702-4f3a-b980-5abe6ed9fcd7",
    "isCheckboxDisabled": true,
    "isCheckboxVisible": true,
    "label": PropertyRecord {
      "property": Object {
        "displayLabel": "Label",
        "name": "node_label",
        "typename": "string",
      },
      "value": Object {
        "displayValue": "Cambridgeshire",
        "value": "Sharable",
        "valueFormat": 0,
      },
    },
    "parentId": "one-to-one",
    "style": Object {
      "colorOverrides": Object {
        "backgroundColor": 632996863,
      },
    },
  },
]
`;
